2026-09-13 15:00:20.982 INFO  [main] com.shop.wx.WxApplication - Starting WxApplication v1.0.0-SNAPSHOT using Java 17.0.19 with PID 94394 (/Users/yangjingquan/Documents/test/shop/server/shop-wx-app/target/shop-wx-app.jar started by yangjingquan in /Users/yangjingquan/Documents/test/www)
2026-09-13 15:00:20.982 DEBUG [main] com.shop.wx.WxApplication - Running with Spring Boot v3.2.5, Spring v6.1.6
2026-09-13 15:00:20.983 INFO  [main] com.shop.wx.WxApplication - The following 1 profile is active: "dev"
2026-09-13 15:00:21.484 INFO  [main] o.s.d.r.c.RepositoryConfigurationDelegate - Multiple Spring Data modules found, entering strict repository configuration mode
2026-09-13 15:00:21.485 INFO  [main] o.s.d.r.c.RepositoryConfigurationDelegate - Bootstrapping Spring Data Redis repositories in DEFAULT mode.
2026-09-13 15:00:21.498 INFO  [main] o.s.d.r.c.RepositoryConfigurationDelegate - Finished Spring Data repository scanning in 6 ms. Found 0 Redis repository interfaces.
2026-09-13 15:00:21.848 INFO  [main] o.s.b.w.e.tomcat.TomcatWebServer - Tomcat initialized with port 8082 (http)
2026-09-13 15:00:21.853 INFO  [main] o.a.catalina.core.StandardService - Starting service [Tomcat]
2026-09-13 15:00:21.853 INFO  [main] o.a.catalina.core.StandardEngine - Starting Servlet engine: [Apache Tomcat/10.1.20]
2026-09-13 15:00:21.866 INFO  [main] o.a.c.c.C.[Tomcat].[localhost].[/] - Initializing Spring embedded WebApplicationContext
2026-09-13 15:00:21.866 INFO  [main] o.s.b.w.s.c.ServletWebServerApplicationContext - Root WebApplicationContext: initialization completed in 843 ms
2026-09-13 15:00:23.216 WARN  [main] c.b.m.c.injector.DefaultSqlInjector - class com.shop.merchant.entity.MerchantRolePermission ,Not found @TableId annotation, Cannot use Mybatis-Plus 'xxById' Method.
2026-09-13 15:00:23.220 WARN  [main] c.b.m.c.injector.DefaultSqlInjector - class com.shop.merchant.entity.MerchantUserRole ,Not found @TableId annotation, Cannot use Mybatis-Plus 'xxById' Method.
2026-09-13 15:00:23.546 INFO  [main] o.s.b.w.e.tomcat.TomcatWebServer - Tomcat started on port 8082 (http) with context path ''
2026-09-13 15:00:23.553 INFO  [main] com.shop.wx.WxApplication - Started WxApplication in 2.884 seconds (process running for 3.163)
2026-09-13 15:00:23.554 DEBUG [scheduling-1] com.shop.order.job.OrderTimeoutJob - 开始扫描过期订单
2026-09-13 15:00:23.566 INFO  [scheduling-1] com.zaxxer.hikari.HikariDataSource - HikariPool-1 - Starting...
2026-09-13 15:00:23.651 INFO  [scheduling-1] com.zaxxer.hikari.pool.HikariPool - HikariPool-1 - Added connection com.mysql.cj.jdbc.ConnectionImpl@37637ea2
2026-09-13 15:00:23.652 INFO  [scheduling-1] com.zaxxer.hikari.HikariDataSource - HikariPool-1 - Start completed.
2026-09-13 15:00:23.682 DEBUG [scheduling-1] com.shop.order.job.AutoReceiveJob - 开始扫描超时未收货订单
2026-09-13 15:00:23.734 INFO  [scheduling-1] com.shop.order.job.AutoReceiveJob - 超时自动确认收货 2 条
2026-09-13 15:01:23.683 DEBUG [scheduling-1] com.shop.order.job.OrderTimeoutJob - 开始扫描过期订单
2026-09-13 15:02:23.697 DEBUG [scheduling-1] com.shop.order.job.OrderTimeoutJob - 开始扫描过期订单
2026-09-13 15:03:23.708 DEBUG [scheduling-1] com.shop.order.job.OrderTimeoutJob - 开始扫描过期订单
2026-09-13 15:04:23.717 DEBUG [scheduling-1] com.shop.order.job.OrderTimeoutJob - 开始扫描过期订单
2026-09-13 15:05:23.726 DEBUG [scheduling-1] com.shop.order.job.OrderTimeoutJob - 开始扫描过期订单
2026-09-13 15:06:23.818 DEBUG [scheduling-1] com.shop.order.job.OrderTimeoutJob - 开始扫描过期订单
2026-09-13 15:07:23.828 DEBUG [scheduling-1] com.shop.order.job.OrderTimeoutJob - 开始扫描过期订单
2026-09-13 15:08:23.837 DEBUG [scheduling-1] com.shop.order.job.OrderTimeoutJob - 开始扫描过期订单
2026-09-13 15:09:23.846 DEBUG [scheduling-1] com.shop.order.job.OrderTimeoutJob - 开始扫描过期订单
2026-09-13 15:10:23.820 DEBUG [scheduling-1] com.shop.order.job.AutoReceiveJob - 开始扫描超时未收货订单
2026-09-13 15:10:23.857 DEBUG [scheduling-1] com.shop.order.job.OrderTimeoutJob - 开始扫描过期订单
2026-09-13 15:11:23.862 DEBUG [scheduling-1] com.shop.order.job.OrderTimeoutJob - 开始扫描过期订单
2026-09-13 15:12:23.869 DEBUG [scheduling-1] com.shop.order.job.OrderTimeoutJob - 开始扫描过期订单
2026-09-13 15:13:23.878 DEBUG [scheduling-1] com.shop.order.job.OrderTimeoutJob - 开始扫描过期订单
2026-09-13 15:14:23.889 DEBUG [scheduling-1] com.shop.order.job.OrderTimeoutJob - 开始扫描过期订单
2026-09-13 15:15:23.904 DEBUG [scheduling-1] com.shop.order.job.OrderTimeoutJob - 开始扫描过期订单
